== fr (Français)
  course exemple: 2 lessons
  [commentaire 1] des-etiquettes
  [commentaire 2] les-larmes-noires-de-pearl-harbor
  [commentaire 3] l-age-de-sexe
  [commentaire 4] reflexions-sur-la-conduite-automobile
  [commentaire 5] dieu-a-cree-la-lune
  [commentaire 6] une-reponse-trop-hative
  [commentaire 7] quand-les-adolescentes-n-en-sont-plus
  [commentaire 8] de-merveilleux-diamants
  [commentaire 9] tout-est-important
  [commentaire 10] le-crucifix-un-symbole-chretien-ou-paien
  [commentaire 11] aucun-plaisir
  [commentaire 12] ne-pas-travailler-trop-dur
  [commentaire 13] reconsiderer-son-eglise
  [commentaire 14] au-bord-du-gouffre
  [commentaire 15] le-chant-des-insenses
  [commentaire 16] la-peine-de-mort-pour-des-enfants
  [commentaire 17] pourquoi-les-tenebres
  [commentaire 18] sans-religion
  [commentaire 19] l-arc-en-ciel-au-dela-du-premier-regard
  [commentaire 20] a-quel-point-devrions-nous-etre-honnetes
  [commentaire 21] les-mots-peuvent-blesser
  [commentaire 22] mort-ou-vif
  [commentaire 23] vous-a-t-on-enseigne-un-evangile-de-contrefacon
  [commentaire 24] dans-de-verts-paturages
  [commentaire 25] des-chansons-tristes
  [commentaire 26] quel-est-le-probleme-des-economies-mondiales
  [commentaire 27] stress-un-destructeur-familial
  [commentaire 28] de-vieux-amis
  [commentaire 29] soyons-des-lumieres
  [commentaire 30] si-les-murs-pouvaient-parler
  [commentaire 31] une-nouvelle-normalite
  [commentaire 32] des-rayons-vides-et-le-pain-des-cieux
  [commentaire 33] coronavirus-confinement-et-depression
  [commentaire 34] y-a-t-il-de-l-espoir
  [commentaire 35] la-fin-du-commencement
  [commentaire 36] le-coronavirus-est-effrayant-mais-dieu-est-notre-refuge
  [commentaire 37] l-instruction-de-travailler-a-votre-salut
  [commentaire 38] combien-les-religions-et-les-philosophies-orientales-vous-ont-elles-affectee
  [commentaire 39] les-lois-dietetiques-bibliques-et-le-coronavirus
  [commentaire 40] les-ides-de-mars-de-jules-cesar-aux-cesars-actuels
  [commentaire 41] etes-vous-trop-occupe-pour-dieu
  [commentaire 42] les-apparences
  [commentaire 43] le-jour-de-la-saint-valentin
  [commentaire 44] le-fleau-du-tabac
  [commentaire 45] des-souvenirs-de-mon-pere
  [commentaire 46] les-chretiens-doivent-ils-observer-le-jour-des-expiations
  [commentaire 47] mariage-ou-cohabitation
  [commentaire 48] jeremie-ou-la-doctrine-de-la-prosperite
  [commentaire 49] que-signifie-etre-dirigeant-serviteur
  [commentaire 50] le-peche-d-ingratitude
  [commentaire 51] le-ravissement-secret-les-144000
  [commentaire 52] l-esprit-de-la-pentecote
  [commentaire 53] des-symboles-oublies
  [commentaire 54] pourquoi-payons-nous-des-impots
  [commentaire 55] la-reine-de-mai
  [commentaire 56] gardez-vous-d-etre-troubles
  [commentaire 57] le-vrai-bonheur-est-a-votre-portee
  [commentaire 58] etes-vous-superstitieux
  [commentaire 59] la-paque-ou-les-paques
  [commentaire 60] pourquoi-se-debarrasser-absolument-du-levain
  [commentaire 61] j-aime-etre-grand-pere
  [commentaire 62] aucune-honte
  [commentaire 63] evolution-une-religion
  [commentaire 64] vous-tenez-vous-sur-la-breche
  [commentaire 65] que-voyez-vous
  [commentaire 66] la-misogynie
  [commentaire 67] etes-vous-sous-la-protection-de-dieu
  [commentaire 68] quel-automobiliste-serait-jesus
  [commentaire 69] peut-on-rire-de-tout
  [commentaire 70] la-societe-secrete-de-satan-et-le-veritable-christianisme
  [commentaire 71] les-deux-visages-du-nouvel-an
  [commentaire 72] pourquoi-satan-aime-noel
  [commentaire 73] l-autre-aspect-de-twilight
  [commentaire 74] le-declin-moral-de-la-civilisation-occidentale
  [commentaire 75] quelle-importance
  [commentaire 76] faible-volage-ou-fidele
  [commentaire 77] sans-religion
  [commentaire 78] vous-a-t-on-enseigne-un-evangile-de-contrefacon
  [commentaire 79] aimez-votre-epouse
  [commentaire 80] par-la-priere-et-par-le-jeune
  [commentaire 81] nihilisme-le-refuge-des-gens-sans-espoir
  [commentaire 82] des-lecons-de-rogue-one
  [commentaire 83] les-larmes-noires-de-pearl-harbor
  [commentaire 84] quand-satan-sera-lie-pour-1000-ans
  [commentaire 85] la-vue-a-10000-metres
  [commentaire 86] un-meilleur-cultivateur
  [commentaire 87] cinq-erreurs-flagrantes-concernant-les-paques
  [commentaire 88] la-saint-patrick-est-elle-un-jour-saint
  [commentaire 89] referendum-britannique-sur-son-appartenance-a-l-ue
  [commentaire 90] verdun-1916-2016
  [commentaire 91] la-violence-peut-elle-mettre-fin-a-la-violence
  [commentaire 92] viser-les-jeunes-avec-la-violence
  [commentaire 93] un-acte-de-guerre-a-paris
  [commentaire 94] halloween-et-les-chretiens
  [commentaire 95] la-benediction-de-la-fete-des-tabernacles
  [commentaire 96] les-chretiens-doivent-ils-observer-le-jour-des-expiations
  [commentaire 97] la-deuxieme-souris
  [commentaire 98] une-vie-paisible
  [commentaire 99] la-reponse
  [commentaire 100] le-sceau-d-approbation-de-dieu
  [commentaire 101] de-st-nicolas-au-pere-noel
  [commentaire 102] des-eaux-boueuses
  [commentaire 103] attention-visuelle-selective-que-voyez-vous
  [commentaire 104] tellement-d-eglises-comment-choisir
  [commentaire 105] les-etapes-de-la-vie
  [commentaire 106] la-violence-n-est-pas-la-reponse
  [commentaire 107] poursuivre-ses-reves
  [commentaire 108] noe-de-darren-aronofsky-une-propagande-sataniste
  [commentaire 109] quel-est-votre-plan
  [commentaire 110] sous-la-grace-et-l-obeissance
  [commentaire 111] la-gratitude
  [commentaire 112] le-match
  [commentaire 113] une-morale-absolue-absolument
  [commentaire 114] la-foi-d-un-enfant
  [commentaire 115] etes-vous-pret-pour-noel
  [commentaire 116] etes-vous-protege
  [commentaire 117] savoir-s-excuser
  [commentaire 118] la-mort-d-une-icone-mondiale-nelson-mandela-1918-2013
  [commentaire 119] c-est-votre-temps
  [commentaire 120] les-peres-pelerins
  [commentaire 121] l-autre-femme
  [commentaire 122] utiliser-l-esprit
  [commentaire 123] le-jour-de-l-independance
  [commentaire 124] des-attaques-contre-dieu-et-le-mariage
  [commentaire 125] vous-ne-pourrez-pas-l-emporter
  [commentaire 126] est-ce-une-conspiration
  [commentaire 127] le-son-de-l-ete
  [commentaire 128] diviser-pour-mieux-regner
  [commentaire 129] quelle-marque-accepterez-vous
  [commentaire 130] je-n-ai-jamais-envoye-ca
  [commentaire 131] la-reine-de-diamant
  [commentaire 132] les-meres-devraient-etre-honorees
  [commentaire 133] les-compromis
  [commentaire 134] un-nouveau-pape-une-ancienne-prophetie
  [commentaire 135] le-precipice
  [commentaire 136] un-systeme-d-alerte-precoce
  [commentaire 137] une-conception-merveilleuse
  [commentaire 138] la-theorie-du-casse-croute
  [commentaire 139] nouvelle-annee-nouveau-regime
  [commentaire 140] changer-nos-habitudes
  [commentaire 141] l-agresseur-qui-emerveillait-une-nation
  [commentaire 142] un-appel-trompeur
  [commentaire 143] pensez-intelligemment-et-voyez-grand
  [commentaire 144] dans-les-rues-du-caire
  [commentaire 145] des-explications-a-donner
  [commentaire 146] la-soif-d-apprendre
  [commentaire 147] la-reponse
  [commentaire 148] noel-est-derriere-nous-et-maintenant
  [commentaire 149] l-outil-parental-du-mensonge
  [commentaire 150] apres-la-non-apocalypse
  [commentaire 151] patience-misericorde-endurance-pardon
  [commentaire 152] une-attitude-de-gratitude
  [commentaire 153] un-monde-meilleur-a-l-horizon
  [commentaire 154] presque-persuade
  [commentaire 155] un-bon-livre
  [commentaire 156] ne-parlez-pas-mal-des-dirigeants
  [commentaire 157] les-devoirs
  [commentaire 158] considerez-la-fourmi-et-soyez-sage
  [commentaire 159] un-pays-chanceux
  [commentaire 160] une-obsession-morbide
  [commentaire 161] un-mois-avant-la-fin-du-monde
  [commentaire 162] comptez-vos-benedictions
  [commentaire 163] oui-ou-non
  [commentaire 164] elections-2012-le-president-peut-il-sauver-les-etats-unis
  [commentaire 165] les-elections
  [commentaire 166] harmaguedon-retarde-50-ans-apres-la-crise-des-missiles-a-cuba
  [commentaire 167] halloween-la-bourse-ou-la-vie
  [commentaire 168] la-date-de-naissance-de-jesus-christ
  [commentaire 169] fete-ou-famine
  [commentaire 170] esaie-en-2012
  [commentaire 171] aller-chercher-l-or
  [commentaire 172] proclamer-la-liberte
  [commentaire 173] rester-ferme-dans-le-veritable-evangile
  [commentaire 174] des-excuses
  [commentaire 175] pouvons-nous-toujours-nous-rejouir
  [commentaire 176] damas-ne-sera-plus
  [commentaire 177] des-festins-pour-les-oiseaux
  [commentaire 178] la-mort-de-judas-et-l-infaillibilite-de-la-bible
  [commentaire 179] une-union-politique-en-europe
  [commentaire 180] qu-est-devenu-le-bon-vieux-temps
  [commentaire 181] une-lanterne-d-espoir
  [commentaire 182] ave-cesar-ceux-qui-vont-mourir-te-saluent
  [commentaire 183] a-la-croisee-des-chemins
  [commentaire 184] des-citernes-crevassees
  [commentaire 185] les-consequences-de-facebook
  [commentaire 186] la-deuxieme-bombe-de-la-dette
  [commentaire 187] est-ce-l-annee-de-la-fin-du-monde
  [commentaire 188] prendre-une-pause
  [commentaire 189] la-crise-de-la-zone-euro-au-bord-du-gouffre
  [commentaire 190] la-periode-des-fetes-des-coutumes-sous-la-malediction
  [commentaire 191] l-incomprehension-autour-du-messie
  [commentaire 192] facebook-et-les-chretiens
  [commentaire 193] une-autorite-politique-mondiale-a-venir
  [commentaire 194] facebook-ami-ou-ennemi
  [commentaire 195] amoralite-jusqu-ou-le-desastre-continuera-t-il
  [commentaire 196] l-or-le-meilleur-investissement-a-la-fin-des-temps
  [commentaire 197] 11-septembre-2011-dix-ans-apres-le-terrorisme
  [commentaire 198] les-emeutes-de-londres-une-erosion-de-la-morale
  [commentaire 199] le-mur-de-berlin-50-ans-apres
  [commentaire 200] la-fin-d-une-ere
  [commentaire 201] bon-sens-courage-et-gratitude
  [commentaire 202] une-societe-qui-a-rejete-dieu
  [commentaire 203] la-boite-de-pandore
  [commentaire 204] qu-est-ce-que-le-tspt-comment-pouvons-nous-aider
  [commentaire 205] le-trone-de-juda-ne-disparaitra-pas
  [commentaire 206] la-prophetie-d-emmanuel-donnee-a-achaz
  [commentaire 207] les-ecritures-et-un-clerge-homosexuel
  [commentaire 208] le-sceau-d-approbation-de-dieu
  [commentaire 209] reussir-son-mariage
  [commentaire 210] quel-pharaon
  [commentaire 211] qui-sont-vos-enseignants
  [commentaire 212] l-autre-chaussure
  [commentaire 213] la-crise-du-monde-arabe-prepare-t-elle-l-arrivee-du-roi-du-sud
  [commentaire 214] faire-notre-part-jusqu-a-la-mort
  [commentaire 215] la-formidable-intelligence-de-dieu
  [commentaire 216] des-heros-oublies
  [commentaire 217] aimez-vous-la-verite
  [commentaire 218] tuol-sleng-le-resultat-d-un-monde-mechant
  [commentaire 219] des-risques-pour-la-sante-dans-le-golfe-du-mexique
  [commentaire 220] la-polygamie-peut-elle-degrader-l-economie-francaise
  [commentaire 221] liberte-ou-austerite
  [commentaire 222] la-tv-a-de-nouveau-ete-trop-loin
  [commentaire 223] trois-bonnes-raisons-pour-etre-malheureux
  [commentaire 224] les-ides-de-mars-de-jules-cesar-aux-cesars-actuels
  [commentaire 225] la-priere-ou-la-douleur
  [commentaire 226] le-cheval-roux-est-il-en-marche
  [commentaire 227] le-commencement-des-douleurs
  [commentaire 228] des-signes-des-temps-de-la-fin-a-haiti
  [commentaire 229] la-chute-du-mur-de-berlin-les-propheties-bibliques-et-la-main-de-dieu
  [commentaire 230] la-promesse-de-nimrod
  [commentaire 231] 2012-le-battage-mediatique-et-la-verite
  [commentaire 232] de-la-recession-a-la-depression-puis-a-l-esclavage
  [commentaire 233] le-sacre-de-napoleon-et-sa-signification-prophetique
  [commentaire 234] la-chute-de-l-islande-et-l-ascension-de-l-union-europeenne
  [commentaire 235] la-grande-bretagne-se-rapproche-de-rome
  235 commentaires, 496 KB of packs
  42 brochures, 1 courses, 1452 KB of brochure packs
Done -> /Users/juanadrien/Documents/exercice_flutter/content_pipeline/out
